ARM Linker, 5.03 [Build 76] [MDK-ARM Standard]

==============================================================================

Section Cross References

    main.o(.text) refers to misc.o(.text) for NVIC_PriorityGroupConfig
    main.o(.text) refers to can1.o(.text) for CAN1_Configuration
    main.o(.text) refers to delay.o(.text) for delay_ms
    main.o(.text) refers to main.o(.data) for temp_pwm
    can1.o(.text) refers to stm32f4xx_rcc.o(.text) for RCC_AHB1PeriphClockCmd
    can1.o(.text) refers to stm32f4xx_gpio.o(.text) for GPIO_PinAFConfig
    can1.o(.text) refers to misc.o(.text) for NVIC_Init
    can1.o(.text) refers to stm32f4xx_can.o(.text) for CAN_DeInit
    can1.o(.text) refers to can1.o(.data) for can_tx_success_flag
    can1.o(.text) refers to can1.o(.bss) for Real_Position_Value
    startup_stm32f4xx.o(RESET) refers to startup_stm32f4xx.o(STACK) for __initial_sp
    startup_stm32f4xx.o(RESET) refers to startup_stm32f4xx.o(.text) for Reset_Handler
    startup_stm32f4xx.o(RESET) refers to stm32f4xx_it.o(.text) for NMI_Handler
    startup_stm32f4xx.o(RESET) refers to can1.o(.text) for CAN1_TX_IRQHandler
    startup_stm32f4xx.o(.text) refers to system_stm32f4xx.o(.text) for SystemInit
    startup_stm32f4xx.o(.text) refers to entry.o(.ARM.Collect$$$$00000000) for __main
    stm32f4xx_can.o(.text) refers to stm32f4xx_rcc.o(.text) for RCC_APB1PeriphResetCmd
    stm32f4xx_gpio.o(.text) refers to stm32f4xx_rcc.o(.text) for RCC_AHB1PeriphResetCmd
    system_stm32f4xx.o(.text) refers to system_stm32f4xx.o(.data) for SystemCoreClock
    stm32f4xx_rcc.o(.text) refers to stm32f4xx_rcc.o(.data) for APBAHBPrescTable
    entry.o(.ARM.Collect$$$$00000000) refers (Special) to entry10a.o(.ARM.Collect$$$$0000000D) for __rt_final_cpp
    entry.o(.ARM.Collect$$$$00000000) refers (Special) to entry11a.o(.ARM.Collect$$$$0000000F) for __rt_final_exit
    entry.o(.ARM.Collect$$$$00000000) refers (Special) to entry7b.o(.ARM.Collect$$$$00000008) for _main_clock
    entry.o(.ARM.Collect$$$$00000000) refers (Special) to entry8b.o(.ARM.Collect$$$$0000000A) for _main_cpp_init
    entry.o(.ARM.Collect$$$$00000000) refers (Special) to entry9a.o(.ARM.Collect$$$$0000000B) for _main_init
    entry.o(.ARM.Collect$$$$00000000) refers (Special) to entry5.o(.ARM.Collect$$$$00000004) for _main_scatterload
    entry.o(.ARM.Collect$$$$00000000) refers (Special) to entry2.o(.ARM.Collect$$$$00000001) for _main_stk
    entry2.o(.ARM.Collect$$$$00000001) refers to entry2.o(.ARM.Collect$$$$00002712) for __lit__00000000
    entry2.o(.ARM.Collect$$$$00002712) refers to startup_stm32f4xx.o(STACK) for __initial_sp
    entry2.o(__vectab_stack_and_reset_area) refers to startup_stm32f4xx.o(STACK) for __initial_sp
    entry2.o(__vectab_stack_and_reset_area) refers to entry.o(.ARM.Collect$$$$00000000) for __main
    entry5.o(.ARM.Collect$$$$00000004) refers to init.o(.text) for __scatterload
    entry9a.o(.ARM.Collect$$$$0000000B) refers to main.o(.text) for main
    entry9b.o(.ARM.Collect$$$$0000000C) refers to main.o(.text) for main
    init.o(.text) refers to entry5.o(.ARM.Collect$$$$00000004) for __main_after_scatterload


==============================================================================

Removing Unused input sections from the image.

    Removing main.o(.rev16_text), (4 bytes).
    Removing main.o(.revsh_text), (4 bytes).
    Removing stm32f4xx_it.o(.rev16_text), (4 bytes).
    Removing stm32f4xx_it.o(.revsh_text), (4 bytes).
    Removing delay.o(.rev16_text), (4 bytes).
    Removing delay.o(.revsh_text), (4 bytes).
    Removing can1.o(.rev16_text), (4 bytes).
    Removing can1.o(.revsh_text), (4 bytes).
    Removing startup_stm32f4xx.o(HEAP), (512 bytes).
    Removing misc.o(.rev16_text), (4 bytes).
    Removing misc.o(.revsh_text), (4 bytes).
    Removing stm32f4xx_can.o(.rev16_text), (4 bytes).
    Removing stm32f4xx_can.o(.revsh_text), (4 bytes).
    Removing stm32f4xx_gpio.o(.rev16_text), (4 bytes).
    Removing stm32f4xx_gpio.o(.revsh_text), (4 bytes).
    Removing system_stm32f4xx.o(.rev16_text), (4 bytes).
    Removing system_stm32f4xx.o(.revsh_text), (4 bytes).
    Removing stm32f4xx_rcc.o(.rev16_text), (4 bytes).
    Removing stm32f4xx_rcc.o(.revsh_text), (4 bytes).

19 unused section(s) (total 584 bytes) removed from the image.

==============================================================================

Image Symbol Table

    Local Symbols

    Symbol Name                              Value     Ov Type        Size  Object(Section)

    ../clib/microlib/init/entry.s            0x00000000   Number         0  entry10a.o ABSOLUTE
    ../clib/microlib/init/entry.s            0x00000000   Number         0  entry9b.o ABSOLUTE
    ../clib/microlib/init/entry.s            0x00000000   Number         0  entry9a.o ABSOLUTE
    ../clib/microlib/init/entry.s            0x00000000   Number         0  entry8b.o ABSOLUTE
    ../clib/microlib/init/entry.s            0x00000000   Number         0  entry8a.o ABSOLUTE
    ../clib/microlib/init/entry.s            0x00000000   Number         0  entry11a.o ABSOLUTE
    ../clib/microlib/init/entry.s            0x00000000   Number         0  entry7b.o ABSOLUTE
    ../clib/microlib/init/entry.s            0x00000000   Number         0  entry7a.o ABSOLUTE
    ../clib/microlib/init/entry.s            0x00000000   Number         0  entry5.o ABSOLUTE
    ../clib/microlib/init/entry.s            0x00000000   Number         0  entry2.o ABSOLUTE
    ../clib/microlib/init/entry.s            0x00000000   Number         0  entry.o ABSOLUTE
    ../clib/microlib/init/entry.s            0x00000000   Number         0  entry11b.o ABSOLUTE
    ../clib/microlib/init/entry.s            0x00000000   Number         0  entry10b.o ABSOLUTE
    ..\Libraries\misc.c                      0x00000000   Number         0  misc.o ABSOLUTE
    ..\Libraries\startup_stm32f4xx.s         0x00000000   Number         0  startup_stm32f4xx.o ABSOLUTE
    ..\Libraries\stm32f4xx_can.c             0x00000000   Number         0  stm32f4xx_can.o ABSOLUTE
    ..\Libraries\stm32f4xx_gpio.c            0x00000000   Number         0  stm32f4xx_gpio.o ABSOLUTE
    ..\Libraries\stm32f4xx_rcc.c             0x00000000   Number         0  stm32f4xx_rcc.o ABSOLUTE
    ..\Libraries\system_stm32f4xx.c          0x00000000   Number         0  system_stm32f4xx.o ABSOLUTE
    ..\Mylib\can1.c                          0x00000000   Number         0  can1.o ABSOLUTE
    ..\Mylib\delay.c                         0x00000000   Number         0  delay.o ABSOLUTE
    ..\User\main.c                           0x00000000   Number         0  main.o ABSOLUTE
    ..\User\stm32f4xx_it.c                   0x00000000   Number         0  stm32f4xx_it.o ABSOLUTE
    ..\\Libraries\\misc.c                    0x00000000   Number         0  misc.o ABSOLUTE
    ..\\Libraries\\stm32f4xx_can.c           0x00000000   Number         0  stm32f4xx_can.o ABSOLUTE
    ..\\Libraries\\stm32f4xx_gpio.c          0x00000000   Number         0  stm32f4xx_gpio.o ABSOLUTE
    ..\\Libraries\\stm32f4xx_rcc.c           0x00000000   Number         0  stm32f4xx_rcc.o ABSOLUTE
    ..\\Libraries\\system_stm32f4xx.c        0x00000000   Number         0  system_stm32f4xx.o ABSOLUTE
    ..\\Mylib\\can1.c                        0x00000000   Number         0  can1.o ABSOLUTE
    ..\\Mylib\\delay.c                       0x00000000   Number         0  delay.o ABSOLUTE
    ..\\User\\main.c                         0x00000000   Number         0  main.o ABSOLUTE
    ..\\User\\stm32f4xx_it.c                 0x00000000   Number         0  stm32f4xx_it.o ABSOLUTE
    dc.s                                     0x00000000   Number         0  dc.o ABSOLUTE
    handlers.s                               0x00000000   Number         0  handlers.o ABSOLUTE
    init.s                                   0x00000000   Number         0  init.o ABSOLUTE
    RESET                                    0x08000000   Section      392  startup_stm32f4xx.o(RESET)
    .ARM.Collect$$$$00000000                 0x08000188   Section        0  entry.o(.ARM.Collect$$$$00000000)
    .ARM.Collect$$$$00000001                 0x08000188   Section        4  entry2.o(.ARM.Collect$$$$00000001)
    .ARM.Collect$$$$00000004                 0x0800018c   Section        4  entry5.o(.ARM.Collect$$$$00000004)
    .ARM.Collect$$$$00000008                 0x08000190   Section        0  entry7b.o(.ARM.Collect$$$$00000008)
    .ARM.Collect$$$$0000000A                 0x08000190   Section        0  entry8b.o(.ARM.Collect$$$$0000000A)
    .ARM.Collect$$$$0000000B                 0x08000190   Section        8  entry9a.o(.ARM.Collect$$$$0000000B)
    .ARM.Collect$$$$0000000D                 0x08000198   Section        0  entry10a.o(.ARM.Collect$$$$0000000D)
    .ARM.Collect$$$$0000000F                 0x08000198   Section        0  entry11a.o(.ARM.Collect$$$$0000000F)
    .ARM.Collect$$$$00002712                 0x08000198   Section        4  entry2.o(.ARM.Collect$$$$00002712)
    __lit__00000000                          0x08000198   Data           4  entry2.o(.ARM.Collect$$$$00002712)
    .text                                    0x0800019c   Section        0  main.o(.text)
    .text                                    0x080002fc   Section        0  stm32f4xx_it.o(.text)
    .text                                    0x08000314   Section        0  delay.o(.text)
    .text                                    0x0800034c   Section        0  can1.o(.text)
    CAN_Delay_Us                             0x0800034d   Thumb Code    26  can1.o(.text)
    .text                                    0x08000f38   Section       36  startup_stm32f4xx.o(.text)
    $v0                                      0x08000f38   Number         0  startup_stm32f4xx.o(.text)
    .text                                    0x08000f5c   Section        0  misc.o(.text)
    .text                                    0x08001040   Section        0  stm32f4xx_can.o(.text)
    CheckITStatus                            0x08001843   Thumb Code    16  stm32f4xx_can.o(.text)
    .text                                    0x08001a2c   Section        0  stm32f4xx_gpio.o(.text)
    .text                                    0x08001c88   Section        0  system_stm32f4xx.o(.text)
    SetSysClock                              0x08001c89   Thumb Code   218  system_stm32f4xx.o(.text)
    .text                                    0x08001e94   Section        0  stm32f4xx_rcc.o(.text)
    .text                                    0x0800241c   Section       36  init.o(.text)
    i.__scatterload_copy                     0x08002440   Section       14  handlers.o(i.__scatterload_copy)
    i.__scatterload_null                     0x0800244e   Section        2  handlers.o(i.__scatterload_null)
    i.__scatterload_zeroinit                 0x08002450   Section       14  handlers.o(i.__scatterload_zeroinit)
    .data                                    0x20000000   Section        2  main.o(.data)
    .data                                    0x20000004   Section       34  can1.o(.data)
    .data                                    0x20000028   Section       20  system_stm32f4xx.o(.data)
    .data                                    0x2000003c   Section       16  stm32f4xx_rcc.o(.data)
    APBAHBPrescTable                         0x2000003c   Data          16  stm32f4xx_rcc.o(.data)
    .bss                                     0x2000004c   Section       16  can1.o(.bss)
    STACK                                    0x20000060   Section     1024  startup_stm32f4xx.o(STACK)

    Global Symbols

    Symbol Name                              Value     Ov Type        Size  Object(Section)

    BuildAttributes$$THM_ISAv4$E$P$D$K$B$S$7EM$VFPi3$EXTD16$VFPS$VFMA$PE$A:L22UL41UL21$X:L11$S22US41US21$IEEE1$IW$USESV6$~STKCKD$USESV7$~SHL$OSPACE$EBA8$MICROLIB$REQ8$PRES8$EABIv2 0x00000000   Number         0  anon$$obj.o ABSOLUTE
    __ARM_use_no_argv                        0x00000000   Number         0  main.o ABSOLUTE
    __cpp_initialize__aeabi_                  - Undefined Weak Reference
    __cxa_finalize                            - Undefined Weak Reference
    __decompress                              - Undefined Weak Reference
    _clock_init                               - Undefined Weak Reference
    _microlib_exit                            - Undefined Weak Reference
    __Vectors_Size                           0x00000188   Number         0  startup_stm32f4xx.o ABSOLUTE
    __Vectors                                0x08000000   Data           4  startup_stm32f4xx.o(RESET)
    __Vectors_End                            0x08000188   Data           0  startup_stm32f4xx.o(RESET)
    __main                                   0x08000189   Thumb Code     0  entry.o(.ARM.Collect$$$$00000000)
    _main_stk                                0x08000189   Thumb Code     0  entry2.o(.ARM.Collect$$$$00000001)
    _main_scatterload                        0x0800018d   Thumb Code     0  entry5.o(.ARM.Collect$$$$00000004)
    __main_after_scatterload                 0x08000191   Thumb Code     0  entry5.o(.ARM.Collect$$$$00000004)
    _main_clock                              0x08000191   Thumb Code     0  entry7b.o(.ARM.Collect$$$$00000008)
    _main_cpp_init                           0x08000191   Thumb Code     0  entry8b.o(.ARM.Collect$$$$0000000A)
    _main_init                               0x08000191   Thumb Code     0  entry9a.o(.ARM.Collect$$$$0000000B)
    __rt_final_cpp                           0x08000199   Thumb Code     0  entry10a.o(.ARM.Collect$$$$0000000D)
    __rt_final_exit                          0x08000199   Thumb Code     0  entry11a.o(.ARM.Collect$$$$0000000F)
    main                                     0x0800019d   Thumb Code   346  main.o(.text)
    NMI_Handler                              0x080002fd   Thumb Code     2  stm32f4xx_it.o(.text)
    HardFault_Handler                        0x080002ff   Thumb Code     4  stm32f4xx_it.o(.text)
    MemManage_Handler                        0x08000303   Thumb Code     4  stm32f4xx_it.o(.text)
    BusFault_Handler                         0x08000307   Thumb Code     4  stm32f4xx_it.o(.text)
    UsageFault_Handler                       0x0800030b   Thumb Code     4  stm32f4xx_it.o(.text)
    SVC_Handler                              0x0800030f   Thumb Code     2  stm32f4xx_it.o(.text)
    DebugMon_Handler                         0x08000311   Thumb Code     2  stm32f4xx_it.o(.text)
    PendSV_Handler                           0x08000313   Thumb Code     2  stm32f4xx_it.o(.text)
    delay_ms                                 0x08000315   Thumb Code    28  delay.o(.text)
    delay_us                                 0x08000331   Thumb Code    26  delay.o(.text)
    CAN1_Configuration                       0x08000367   Thumb Code   262  can1.o(.text)
    CAN1_TX_IRQHandler                       0x0800046d   Thumb Code    28  can1.o(.text)
    CAN_RoboModule_DRV_Reset                 0x08000489   Thumb Code   148  can1.o(.text)
    CAN_RoboModule_DRV_Mode_Choice           0x0800051d   Thumb Code   148  can1.o(.text)
    CAN_RoboModule_DRV_OpenLoop_Mode         0x080005b1   Thumb Code   172  can1.o(.text)
    CAN_RoboModule_DRV_Current_Mode          0x0800065d   Thumb Code   196  can1.o(.text)
    CAN_RoboModule_DRV_Velocity_Mode         0x08000721   Thumb Code   218  can1.o(.text)
    CAN_RoboModule_DRV_Position_Mode         0x080007fb   Thumb Code   200  can1.o(.text)
    CAN_RoboModule_DRV_Velocity_Position_Mode 0x080008c3   Thumb Code   224  can1.o(.text)
    CAN_RoboModule_DRV_Current_Velocity_Mode 0x080009a3   Thumb Code   176  can1.o(.text)
    CAN_RoboModule_DRV_Current_Position_Mode 0x08000a53   Thumb Code   180  can1.o(.text)
    CAN_RoboModule_DRV_Current_Velocity_Position_Mode 0x08000b07   Thumb Code   220  can1.o(.text)
    CAN_RoboModule_DRV_Config                0x08000be3   Thumb Code   154  can1.o(.text)
    CAN_RoboModule_DRV_Online_Check          0x08000c7d   Thumb Code   148  can1.o(.text)
    CAN1_RX0_IRQHandler                      0x08000d11   Thumb Code   516  can1.o(.text)
    Reset_Handler                            0x08000f39   Thumb Code     8  startup_stm32f4xx.o(.text)
    SysTick_Handler                          0x08000f51   Thumb Code     2  startup_stm32f4xx.o(.text)
    ADC_IRQHandler                           0x08000f53   Thumb Code     0  startup_stm32f4xx.o(.text)
    CAN1_RX1_IRQHandler                      0x08000f53   Thumb Code     0  startup_stm32f4xx.o(.text)
    CAN1_SCE_IRQHandler                      0x08000f53   Thumb Code     0  startup_stm32f4xx.o(.text)
    CAN2_RX0_IRQHandler                      0x08000f53   Thumb Code     0  startup_stm32f4xx.o(.text)
    CAN2_RX1_IRQHandler                      0x08000f53   Thumb Code     0  startup_stm32f4xx.o(.text)
    CAN2_SCE_IRQHandler                      0x08000f53   Thumb Code     0  startup_stm32f4xx.o(.text)
    CAN2_TX_IRQHandler                       0x08000f53   Thumb Code     0  startup_stm32f4xx.o(.text)
    CRYP_IRQHandler                          0x08000f53   Thumb Code     0  startup_stm32f4xx.o(.text)
    DCMI_IRQHandler                          0x08000f53   Thumb Code     0  startup_stm32f4xx.o(.text)
    DMA1_Stream0_IRQHandler                  0x08000f53   Thumb Code     0  startup_stm32f4xx.o(.text)
    DMA1_Stream1_IRQHandler                  0x08000f53   Thumb Code     0  startup_stm32f4xx.o(.text)
    DMA1_Stream2_IRQHandler                  0x08000f53   Thumb Code     0  startup_stm32f4xx.o(.text)
    DMA1_Stream3_IRQHandler                  0x08000f53   Thumb Code     0  startup_stm32f4xx.o(.text)
    DMA1_Stream4_IRQHandler                  0x08000f53   Thumb Code     0  startup_stm32f4xx.o(.text)
    DMA1_Stream5_IRQHandler                  0x08000f53   Thumb Code     0  startup_stm32f4xx.o(.text)
    DMA1_Stream6_IRQHandler                  0x08000f53   Thumb Code     0  startup_stm32f4xx.o(.text)
    DMA1_Stream7_IRQHandler                  0x08000f53   Thumb Code     0  startup_stm32f4xx.o(.text)
    DMA2_Stream0_IRQHandler                  0x08000f53   Thumb Code     0  startup_stm32f4xx.o(.text)
    DMA2_Stream1_IRQHandler                  0x08000f53   Thumb Code     0  startup_stm32f4xx.o(.text)
    DMA2_Stream2_IRQHandler                  0x08000f53   Thumb Code     0  startup_stm32f4xx.o(.text)
    DMA2_Stream3_IRQHandler                  0x08000f53   Thumb Code     0  startup_stm32f4xx.o(.text)
    DMA2_Stream4_IRQHandler                  0x08000f53   Thumb Code     0  startup_stm32f4xx.o(.text)
    DMA2_Stream5_IRQHandler                  0x08000f53   Thumb Code     0  startup_stm32f4xx.o(.text)
    DMA2_Stream6_IRQHandler                  0x08000f53   Thumb Code     0  startup_stm32f4xx.o(.text)
    DMA2_Stream7_IRQHandler                  0x08000f53   Thumb Code     0  startup_stm32f4xx.o(.text)
    ETH_IRQHandler                           0x08000f53   Thumb Code     0  startup_stm32f4xx.o(.text)
    ETH_WKUP_IRQHandler                      0x08000f53   Thumb Code     0  startup_stm32f4xx.o(.text)
    EXTI0_IRQHandler                         0x08000f53   Thumb Code     0  startup_stm32f4xx.o(.text)
    EXTI15_10_IRQHandler                     0x08000f53   Thumb Code     0  startup_stm32f4xx.o(.text)
    EXTI1_IRQHandler                         0x08000f53   Thumb Code     0  startup_stm32f4xx.o(.text)
    EXTI2_IRQHandler                         0x08000f53   Thumb Code     0  startup_stm32f4xx.o(.text)
    EXTI3_IRQHandler                         0x08000f53   Thumb Code     0  startup_stm32f4xx.o(.text)
    EXTI4_IRQHandler                         0x08000f53   Thumb Code     0  startup_stm32f4xx.o(.text)
    EXTI9_5_IRQHandler                       0x08000f53   Thumb Code     0  startup_stm32f4xx.o(.text)
    FLASH_IRQHandler                         0x08000f53   Thumb Code     0  startup_stm32f4xx.o(.text)
    FPU_IRQHandler                           0x08000f53   Thumb Code     0  startup_stm32f4xx.o(.text)
    FSMC_IRQHandler                          0x08000f53   Thumb Code     0  startup_stm32f4xx.o(.text)
    HASH_RNG_IRQHandler                      0x08000f53   Thumb Code     0  startup_stm32f4xx.o(.text)
    I2C1_ER_IRQHandler                       0x08000f53   Thumb Code     0  startup_stm32f4xx.o(.text)
    I2C1_EV_IRQHandler                       0x08000f53   Thumb Code     0  startup_stm32f4xx.o(.text)
    I2C2_ER_IRQHandler                       0x08000f53   Thumb Code     0  startup_stm32f4xx.o(.text)
    I2C2_EV_IRQHandler                       0x08000f53   Thumb Code     0  startup_stm32f4xx.o(.text)
    I2C3_ER_IRQHandler                       0x08000f53   Thumb Code     0  startup_stm32f4xx.o(.text)
    I2C3_EV_IRQHandler                       0x08000f53   Thumb Code     0  startup_stm32f4xx.o(.text)
    OTG_FS_IRQHandler                        0x08000f53   Thumb Code     0  startup_stm32f4xx.o(.text)
    OTG_FS_WKUP_IRQHandler                   0x08000f53   Thumb Code     0  startup_stm32f4xx.o(.text)
    OTG_HS_EP1_IN_IRQHandler                 0x08000f53   Thumb Code     0  startup_stm32f4xx.o(.text)
    OTG_HS_EP1_OUT_IRQHandler                0x08000f53   Thumb Code     0  startup_stm32f4xx.o(.text)
    OTG_HS_IRQHandler                        0x08000f53   Thumb Code     0  startup_stm32f4xx.o(.text)
    OTG_HS_WKUP_IRQHandler                   0x08000f53   Thumb Code     0  startup_stm32f4xx.o(.text)
    PVD_IRQHandler                           0x08000f53   Thumb Code     0  startup_stm32f4xx.o(.text)
    RCC_IRQHandler                           0x08000f53   Thumb Code     0  startup_stm32f4xx.o(.text)
    RTC_Alarm_IRQHandler                     0x08000f53   Thumb Code     0  startup_stm32f4xx.o(.text)
    RTC_WKUP_IRQHandler                      0x08000f53   Thumb Code     0  startup_stm32f4xx.o(.text)
    SDIO_IRQHandler                          0x08000f53   Thumb Code     0  startup_stm32f4xx.o(.text)
    SPI1_IRQHandler                          0x08000f53   Thumb Code     0  startup_stm32f4xx.o(.text)
    SPI2_IRQHandler                          0x08000f53   Thumb Code     0  startup_stm32f4xx.o(.text)
    SPI3_IRQHandler                          0x08000f53   Thumb Code     0  startup_stm32f4xx.o(.text)
    TAMP_STAMP_IRQHandler                    0x08000f53   Thumb Code     0  startup_stm32f4xx.o(.text)
    TIM1_BRK_TIM9_IRQHandler                 0x08000f53   Thumb Code     0  startup_stm32f4xx.o(.text)
    TIM1_CC_IRQHandler                       0x08000f53   Thumb Code     0  startup_stm32f4xx.o(.text)
    TIM1_TRG_COM_TIM11_IRQHandler            0x08000f53   Thumb Code     0  startup_stm32f4xx.o(.text)
    TIM1_UP_TIM10_IRQHandler                 0x08000f53   Thumb Code     0  startup_stm32f4xx.o(.text)
    TIM2_IRQHandler                          0x08000f53   Thumb Code     0  startup_stm32f4xx.o(.text)
    TIM3_IRQHandler                          0x08000f53   Thumb Code     0  startup_stm32f4xx.o(.text)
    TIM4_IRQHandler                          0x08000f53   Thumb Code     0  startup_stm32f4xx.o(.text)
    TIM5_IRQHandler                          0x08000f53   Thumb Code     0  startup_stm32f4xx.o(.text)
    TIM6_DAC_IRQHandler                      0x08000f53   Thumb Code     0  startup_stm32f4xx.o(.text)
    TIM7_IRQHandler                          0x08000f53   Thumb Code     0  startup_stm32f4xx.o(.text)
    TIM8_BRK_TIM12_IRQHandler                0x08000f53   Thumb Code     0  startup_stm32f4xx.o(.text)
    TIM8_CC_IRQHandler                       0x08000f53   Thumb Code     0  startup_stm32f4xx.o(.text)
    TIM8_TRG_COM_TIM14_IRQHandler            0x08000f53   Thumb Code     0  startup_stm32f4xx.o(.text)
    TIM8_UP_TIM13_IRQHandler                 0x08000f53   Thumb Code     0  startup_stm32f4xx.o(.text)
    UART4_IRQHandler                         0x08000f53   Thumb Code     0  startup_stm32f4xx.o(.text)
    UART5_IRQHandler                         0x08000f53   Thumb Code     0  startup_stm32f4xx.o(.text)
    USART1_IRQHandler                        0x08000f53   Thumb Code     0  startup_stm32f4xx.o(.text)
    USART2_IRQHandler                        0x08000f53   Thumb Code     0  startup_stm32f4xx.o(.text)
    USART3_IRQHandler                        0x08000f53   Thumb Code     0  startup_stm32f4xx.o(.text)
    USART6_IRQHandler                        0x08000f53   Thumb Code     0  startup_stm32f4xx.o(.text)
    WWDG_IRQHandler                          0x08000f53   Thumb Code     0  startup_stm32f4xx.o(.text)
    NVIC_PriorityGroupConfig                 0x08000f5d   Thumb Code    10  misc.o(.text)
    NVIC_Init                                0x08000f67   Thumb Code   108  misc.o(.text)
    NVIC_SetVectorTable                      0x08000fd3   Thumb Code    14  misc.o(.text)
    NVIC_SystemLPConfig                      0x08000fe1   Thumb Code    34  misc.o(.text)
    SysTick_CLKSourceConfig                  0x08001003   Thumb Code    40  misc.o(.text)
    CAN_DeInit                               0x08001041   Thumb Code    50  stm32f4xx_can.o(.text)
    CAN_Init                                 0x08001073   Thumb Code   276  stm32f4xx_can.o(.text)
    CAN_FilterInit                           0x08001187   Thumb Code   258  stm32f4xx_can.o(.text)
    CAN_StructInit                           0x08001289   Thumb Code    32  stm32f4xx_can.o(.text)
    CAN_SlaveStartBank                       0x080012a9   Thumb Code    48  stm32f4xx_can.o(.text)
    CAN_DBGFreeze                            0x080012d9   Thumb Code    22  stm32f4xx_can.o(.text)
    CAN_TTComModeCmd                         0x080012ef   Thumb Code   118  stm32f4xx_can.o(.text)
    CAN_Transmit                             0x08001365   Thumb Code   304  stm32f4xx_can.o(.text)
    CAN_TransmitStatus                       0x08001495   Thumb Code   138  stm32f4xx_can.o(.text)
    CAN_CancelTransmit                       0x0800151f   Thumb Code    48  stm32f4xx_can.o(.text)
    CAN_Receive                              0x0800154f   Thumb Code   240  stm32f4xx_can.o(.text)
    CAN_FIFORelease                          0x0800163f   Thumb Code    22  stm32f4xx_can.o(.text)
    CAN_MessagePending                       0x08001655   Thumb Code    30  stm32f4xx_can.o(.text)
    CAN_OperatingModeRequest                 0x08001673   Thumb Code   162  stm32f4xx_can.o(.text)
    CAN_Sleep                                0x08001715   Thumb Code    30  stm32f4xx_can.o(.text)
    CAN_WakeUp                               0x08001733   Thumb Code    48  stm32f4xx_can.o(.text)
    CAN_GetLastErrorCode                     0x08001763   Thumb Code    12  stm32f4xx_can.o(.text)
    CAN_GetReceiveErrorCounter               0x0800176f   Thumb Code    10  stm32f4xx_can.o(.text)
    CAN_GetLSBTransmitErrorCounter           0x08001779   Thumb Code    12  stm32f4xx_can.o(.text)
    CAN_ITConfig                             0x08001785   Thumb Code    18  stm32f4xx_can.o(.text)
    CAN_GetFlagStatus                        0x08001797   Thumb Code   120  stm32f4xx_can.o(.text)
    CAN_ClearFlag                            0x0800180f   Thumb Code    52  stm32f4xx_can.o(.text)
    CAN_GetITStatus                          0x08001853   Thumb Code   308  stm32f4xx_can.o(.text)
    CAN_ClearITPendingBit                    0x08001987   Thumb Code   162  stm32f4xx_can.o(.text)
    GPIO_DeInit                              0x08001a2d   Thumb Code   220  stm32f4xx_gpio.o(.text)
    GPIO_Init                                0x08001b09   Thumb Code   144  stm32f4xx_gpio.o(.text)
    GPIO_StructInit                          0x08001b99   Thumb Code    18  stm32f4xx_gpio.o(.text)
    GPIO_PinLockConfig                       0x08001bab   Thumb Code    34  stm32f4xx_gpio.o(.text)
    GPIO_ReadInputDataBit                    0x08001bcd   Thumb Code    18  stm32f4xx_gpio.o(.text)
    GPIO_ReadInputData                       0x08001bdf   Thumb Code     8  stm32f4xx_gpio.o(.text)
    GPIO_ReadOutputDataBit                   0x08001be7   Thumb Code    18  stm32f4xx_gpio.o(.text)
    GPIO_ReadOutputData                      0x08001bf9   Thumb Code     8  stm32f4xx_gpio.o(.text)
    GPIO_SetBits                             0x08001c01   Thumb Code     4  stm32f4xx_gpio.o(.text)
    GPIO_ResetBits                           0x08001c05   Thumb Code     4  stm32f4xx_gpio.o(.text)
    GPIO_WriteBit                            0x08001c09   Thumb Code    10  stm32f4xx_gpio.o(.text)
    GPIO_Write                               0x08001c13   Thumb Code     4  stm32f4xx_gpio.o(.text)
    GPIO_ToggleBits                          0x08001c17   Thumb Code     8  stm32f4xx_gpio.o(.text)
    GPIO_PinAFConfig                         0x08001c1f   Thumb Code    70  stm32f4xx_gpio.o(.text)
    SystemInit                               0x08001d63   Thumb Code    88  system_stm32f4xx.o(.text)
    SystemCoreClockUpdate                    0x08001dbb   Thumb Code   174  system_stm32f4xx.o(.text)
    RCC_DeInit                               0x08001e95   Thumb Code    60  stm32f4xx_rcc.o(.text)
    RCC_HSEConfig                            0x08001ed1   Thumb Code    14  stm32f4xx_rcc.o(.text)
    RCC_GetFlagStatus                        0x08001edf   Thumb Code    60  stm32f4xx_rcc.o(.text)
    RCC_WaitForHSEStartUp                    0x08001f1b   Thumb Code    56  stm32f4xx_rcc.o(.text)
    RCC_AdjustHSICalibrationValue            0x08001f53   Thumb Code    20  stm32f4xx_rcc.o(.text)
    RCC_HSICmd                               0x08001f67   Thumb Code     6  stm32f4xx_rcc.o(.text)
    RCC_LSEConfig                            0x08001f6d   Thumb Code    46  stm32f4xx_rcc.o(.text)
    RCC_LSICmd                               0x08001f9b   Thumb Code     6  stm32f4xx_rcc.o(.text)
    RCC_PLLConfig                            0x08001fa1   Thumb Code    32  stm32f4xx_rcc.o(.text)
    RCC_PLLCmd                               0x08001fc1   Thumb Code     6  stm32f4xx_rcc.o(.text)
    RCC_PLLI2SConfig                         0x08001fc7   Thumb Code    14  stm32f4xx_rcc.o(.text)
    RCC_PLLI2SCmd                            0x08001fd5   Thumb Code     6  stm32f4xx_rcc.o(.text)
    RCC_ClockSecuritySystemCmd               0x08001fdb   Thumb Code     6  stm32f4xx_rcc.o(.text)
    RCC_MCO1Config                           0x08001fe1   Thumb Code    28  stm32f4xx_rcc.o(.text)
    RCC_MCO2Config                           0x08001ffd   Thumb Code    28  stm32f4xx_rcc.o(.text)
    RCC_SYSCLKConfig                         0x08002019   Thumb Code    20  stm32f4xx_rcc.o(.text)
    RCC_GetSYSCLKSource                      0x0800202d   Thumb Code    12  stm32f4xx_rcc.o(.text)
    RCC_HCLKConfig                           0x08002039   Thumb Code    20  stm32f4xx_rcc.o(.text)
    RCC_PCLK1Config                          0x0800204d   Thumb Code    20  stm32f4xx_rcc.o(.text)
    RCC_PCLK2Config                          0x08002061   Thumb Code    22  stm32f4xx_rcc.o(.text)
    RCC_GetClocksFreq                        0x08002077   Thumb Code   222  stm32f4xx_rcc.o(.text)
    RCC_RTCCLKConfig                         0x08002155   Thumb Code    54  stm32f4xx_rcc.o(.text)
    RCC_RTCCLKCmd                            0x0800218b   Thumb Code     8  stm32f4xx_rcc.o(.text)
    RCC_BackupResetCmd                       0x08002193   Thumb Code     8  stm32f4xx_rcc.o(.text)
    RCC_I2SCLKConfig                         0x0800219b   Thumb Code     6  stm32f4xx_rcc.o(.text)
    RCC_AHB1PeriphClockCmd                   0x080021a1   Thumb Code    34  stm32f4xx_rcc.o(.text)
    RCC_AHB2PeriphClockCmd                   0x080021c3   Thumb Code    34  stm32f4xx_rcc.o(.text)
    RCC_AHB3PeriphClockCmd                   0x080021e5   Thumb Code    34  stm32f4xx_rcc.o(.text)
    RCC_APB1PeriphClockCmd                   0x08002207   Thumb Code    34  stm32f4xx_rcc.o(.text)
    RCC_APB2PeriphClockCmd                   0x08002229   Thumb Code    34  stm32f4xx_rcc.o(.text)
    RCC_AHB1PeriphResetCmd                   0x0800224b   Thumb Code    34  stm32f4xx_rcc.o(.text)
    RCC_AHB2PeriphResetCmd                   0x0800226d   Thumb Code    72  stm32f4xx_rcc.o(.text)
    RCC_AHB3PeriphResetCmd                   0x080022b5   Thumb Code    34  stm32f4xx_rcc.o(.text)
    RCC_APB1PeriphResetCmd                   0x080022d7   Thumb Code    34  stm32f4xx_rcc.o(.text)
    RCC_APB2PeriphResetCmd                   0x080022f9   Thumb Code    34  stm32f4xx_rcc.o(.text)
    RCC_AHB1PeriphClockLPModeCmd             0x0800231b   Thumb Code    34  stm32f4xx_rcc.o(.text)
    RCC_AHB2PeriphClockLPModeCmd             0x0800233d   Thumb Code    34  stm32f4xx_rcc.o(.text)
    RCC_AHB3PeriphClockLPModeCmd             0x0800235f   Thumb Code    34  stm32f4xx_rcc.o(.text)
    RCC_APB1PeriphClockLPModeCmd             0x08002381   Thumb Code    34  stm32f4xx_rcc.o(.text)
    RCC_APB2PeriphClockLPModeCmd             0x080023a3   Thumb Code    34  stm32f4xx_rcc.o(.text)
    RCC_ITConfig                             0x080023c5   Thumb Code    34  stm32f4xx_rcc.o(.text)
    RCC_ClearFlag                            0x080023e7   Thumb Code    18  stm32f4xx_rcc.o(.text)
    RCC_GetITStatus                          0x080023f9   Thumb Code    22  stm32f4xx_rcc.o(.text)
    RCC_ClearITPendingBit                    0x0800240f   Thumb Code     8  stm32f4xx_rcc.o(.text)
    __scatterload                            0x0800241d   Thumb Code    28  init.o(.text)
    __scatterload_rt2                        0x0800241d   Thumb Code     0  init.o(.text)
    __scatterload_copy                       0x08002441   Thumb Code    14  handlers.o(i.__scatterload_copy)
    __scatterload_null                       0x0800244f   Thumb Code     2  handlers.o(i.__scatterload_null)
    __scatterload_zeroinit                   0x08002451   Thumb Code    14  handlers.o(i.__scatterload_zeroinit)
    Region$$Table$$Base                      0x08002460   Number         0  anon$$obj.o(Region$$Table)
    Region$$Table$$Limit                     0x08002480   Number         0  anon$$obj.o(Region$$Table)
    temp_pwm                                 0x20000000   Data           2  main.o(.data)
    CAN_Time_Out                             0x20000004   Data           4  can1.o(.data)
    can_tx_success_flag                      0x20000008   Data           1  can1.o(.data)
    Real_Current_Value                       0x2000000a   Data           8  can1.o(.data)
    Real_Velocity_Value                      0x20000012   Data           8  can1.o(.data)
    Real_Online                              0x2000001a   Data           4  can1.o(.data)
    Real_Ctl1_Value                          0x2000001e   Data           4  can1.o(.data)
    Real_Ctl2_Value                          0x20000022   Data           4  can1.o(.data)
    SystemCoreClock                          0x20000028   Data           4  system_stm32f4xx.o(.data)
    AHBPrescTable                            0x2000002c   Data          16  system_stm32f4xx.o(.data)
    Real_Position_Value                      0x2000004c   Data          16  can1.o(.bss)
    __initial_sp                             0x20000460   Data           0  startup_stm32f4xx.o(STACK)



==============================================================================

Memory Map of the image

  Image Entry point : 0x08000189

  Load Region LR_IROM1 (Base: 0x08000000, Size: 0x000024cc, Max: 0x00100000, ABSOLUTE)

    Execution Region ER_IROM1 (Base: 0x08000000, Size: 0x00002480, Max: 0x00100000, ABSOLUTE)

    Base Addr    Size         Type   Attr      Idx    E Section Name        Object

    0x08000000   0x00000188   Data   RO          165    RESET               startup_stm32f4xx.o
    0x08000188   0x00000000   Code   RO          278  * .ARM.Collect$$$$00000000  mc_w.l(entry.o)
    0x08000188   0x00000004   Code   RO          281    .ARM.Collect$$$$00000001  mc_w.l(entry2.o)
    0x0800018c   0x00000004   Code   RO          284    .ARM.Collect$$$$00000004  mc_w.l(entry5.o)
    0x08000190   0x00000000   Code   RO          286    .ARM.Collect$$$$00000008  mc_w.l(entry7b.o)
    0x08000190   0x00000000   Code   RO          288    .ARM.Collect$$$$0000000A  mc_w.l(entry8b.o)
    0x08000190   0x00000008   Code   RO          289    .ARM.Collect$$$$0000000B  mc_w.l(entry9a.o)
    0x08000198   0x00000000   Code   RO          291    .ARM.Collect$$$$0000000D  mc_w.l(entry10a.o)
    0x08000198   0x00000000   Code   RO          293    .ARM.Collect$$$$0000000F  mc_w.l(entry11a.o)
    0x08000198   0x00000004   Code   RO          282    .ARM.Collect$$$$00002712  mc_w.l(entry2.o)
    0x0800019c   0x00000160   Code   RO            3    .text               main.o
    0x080002fc   0x00000018   Code   RO           95    .text               stm32f4xx_it.o
    0x08000314   0x00000036   Code   RO          118    .text               delay.o
    0x0800034a   0x00000002   PAD
    0x0800034c   0x00000bec   Code   RO          138    .text               can1.o
    0x08000f38   0x00000024   Code   RO          166    .text               startup_stm32f4xx.o
    0x08000f5c   0x000000e4   Code   RO          172    .text               misc.o
    0x08001040   0x000009ec   Code   RO          192    .text               stm32f4xx_can.o
    0x08001a2c   0x0000025c   Code   RO          212    .text               stm32f4xx_gpio.o
    0x08001c88   0x0000020c   Code   RO          232    .text               system_stm32f4xx.o
    0x08001e94   0x00000588   Code   RO          258    .text               stm32f4xx_rcc.o
    0x0800241c   0x00000024   Code   RO          295    .text               mc_w.l(init.o)
    0x08002440   0x0000000e   Code   RO          299    i.__scatterload_copy  mc_w.l(handlers.o)
    0x0800244e   0x00000002   Code   RO          300    i.__scatterload_null  mc_w.l(handlers.o)
    0x08002450   0x0000000e   Code   RO          301    i.__scatterload_zeroinit  mc_w.l(handlers.o)
    0x0800245e   0x00000002   PAD
    0x08002460   0x00000020   Data   RO          297    Region$$Table       anon$$obj.o


    Execution Region RW_IRAM1 (Base: 0x20000000, Size: 0x00000460, Max: 0x00020000, ABSOLUTE)

    Base Addr    Size         Type   Attr      Idx    E Section Name        Object

    0x20000000   0x00000002   Data   RW            4    .data               main.o
    0x20000002   0x00000002   PAD
    0x20000004   0x00000022   Data   RW          140    .data               can1.o
    0x20000026   0x00000002   PAD
    0x20000028   0x00000014   Data   RW          233    .data               system_stm32f4xx.o
    0x2000003c   0x00000010   Data   RW          259    .data               stm32f4xx_rcc.o
    0x2000004c   0x00000010   Zero   RW          139    .bss                can1.o
    0x2000005c   0x00000004   PAD
    0x20000060   0x00000400   Zero   RW          163    STACK               startup_stm32f4xx.o


==============================================================================

Image component sizes


      Code (inc. data)   RO Data    RW Data    ZI Data      Debug   Object Name

      3052         74          0         34         16       9789   can1.o
        54          0          0          0          0        952   delay.o
       352          6          0          2          0     242590   main.o
       228         22          0          0          0       2129   misc.o
        36          8        392          0       1024        908   startup_stm32f4xx.o
      2540         38          0          0          0       8284   stm32f4xx_can.o
       604         36          0          0          0       4381   stm32f4xx_gpio.o
        24          0          0          0          0       1302   stm32f4xx_it.o
      1416         48          0         16          0      11415   stm32f4xx_rcc.o
       524         44          0         20          0       2319   system_stm32f4xx.o

    ----------------------------------------------------------------------
      8832        276        424         76       1044     284069   Object Totals
         0          0         32          0          0          0   (incl. Generated)
         2          0          0          4          4          0   (incl. Padding)

    ----------------------------------------------------------------------

      Code (inc. data)   RO Data    RW Data    ZI Data      Debug   Library Member Name

         0          0          0          0          0          0   entry.o
         0          0          0          0          0          0   entry10a.o
         0          0          0          0          0          0   entry11a.o
         8          4          0          0          0          0   entry2.o
         4          0          0          0          0          0   entry5.o
         0          0          0          0          0          0   entry7b.o
         0          0          0          0          0          0   entry8b.o
         8          4          0          0          0          0   entry9a.o
        30          0          0          0          0          0   handlers.o
        36          8          0          0          0         68   init.o

    ----------------------------------------------------------------------
        88         16          0          0          0         68   Library Totals
         2          0          0          0          0          0   (incl. Padding)

    ----------------------------------------------------------------------

      Code (inc. data)   RO Data    RW Data    ZI Data      Debug   Library Name

        86         16          0          0          0         68   mc_w.l

    ----------------------------------------------------------------------
        88         16          0          0          0         68   Library Totals

    ----------------------------------------------------------------------

==============================================================================


      Code (inc. data)   RO Data    RW Data    ZI Data      Debug   

      8920        292        424         76       1044     282737   Grand Totals
      8920        292        424         76       1044     282737   ELF Image Totals
      8920        292        424         76          0          0   ROM Totals

==============================================================================

    Total RO  Size (Code + RO Data)                 9344 (   9.13kB)
    Total RW  Size (RW Data + ZI Data)              1120 (   1.09kB)
    Total ROM Size (Code + RO Data + RW Data)       9420 (   9.20kB)

==============================================================================

