<html>
<body>
<pre>
<h1>礦ision Build Log</h1>
<h2>Project:</h2>
E:\01-RoboModule-R&D\02-RoboModule-伺服电机驱动器项目-RMDS-10x+20x+30x+40x\14-演示程序发布\网站发布演示程序\5-STM32F405RGT6 CAN总线演示程序(25MHz晶振-新测试版)\Project\STM32F4.uvproj
Project File Date:  06/06/2017

<h2>Output:</h2>
Rebuild target 'STM32F4'
compiling main.c...
compiling stm32f4xx_it.c...
compiling delay.c...
compiling can1.c...
assembling startup_stm32f4xx.s...
compiling misc.c...
compiling stm32f4xx_can.c...
compiling stm32f4xx_gpio.c...
compiling system_stm32f4xx.c...
compiling stm32f4xx_rcc.c...
linking...
Program Size: Code=8920 RO-data=424 RW-data=76 ZI-data=1044  
FromELF: creating hex file...
".\Objects\STM32F4.axf" - 0 Error(s), 0 Warning(s).
</pre>
</body>
</html>
